Number of diffusion windows tested: 1100
[1/61] building graph: J0008-0004
[2/61] building graph: J0029-0055
[3/61] building graph: J0037-0942
[4/61] building graph: J0044+0113
[5/61] building graph: J0157-0056
[6/61] building graph: J0216-0813
[7/61] building graph: J0252+0039
[8/61] building graph: J0330-0020
[9/61] building graph: J0728+3835
[10/61] building graph: J0737+3216
[11/61] building graph: J0822+2652
[12/61] building graph: J0841+3824
[13/61] building graph: J0912+0029
[14/61] building graph: J0935-0003
[15/61] building graph: J0936+0913
[16/61] building graph: J0946+1006
[17/61] building graph: J0955+0101
[18/61] building graph: J0956+5100
[19/61] building graph: J0959+4416
[20/61] building graph: J0959+0410
[21/61] building graph: J1016+3859
[22/61] building graph: J1020+1122
[23/61] building graph: J1023+4230
[24/61] building graph: J1029+0420
[25/61] building graph: J1100+5329
[26/61] building graph: J1103+5322
[27/61] building graph: J1106+5228
[28/61] building graph: J1112+0826
[29/61] building graph: J1134+6027
[30/61] building graph: J1142+1001
[31/61] building graph: J1143-0144
[32/61] building graph: J1153+4612
[33/61] building graph: J1204+0358
[34/61] building graph: J1205+4910
[35/61] building graph: J1213+6708
[36/61] building graph: J1218+0830
[37/61] building graph: J1250+0523
[38/61] building graph: J1251-0208
[39/61] building graph: J1330-0148
[40/61] building graph: J1402+6321
[41/61] building graph: J1403+0006
[42/61] building graph: J1416+5136
[43/61] building graph: J1420+6019
[44/61] building graph: J1430+4105
[45/61] building graph: J1432+6317
[46/61] building graph: J1436-0000
[47/61] building graph: J1443+0304
[48/61] building graph: J1451-0239
[49/61] building graph: J1525+3327
[50/61] building graph: J1531-0105
[51/61] building graph: J1538+5817
[52/61] building graph: J1621+3931
[53/61] building graph: J1627-0053
[54/61] building graph: J1630+4520
[55/61] building graph: J1636+4707
[56/61] building graph: J2238-0754
[57/61] building graph: J2300+0022
[58/61] building graph: J2303+1422
[59/61] building graph: J2321-0939
[60/61] building graph: J2341+0000
[61/61] building graph: J2347-0005

BEST GLOBAL WINDOWS
 t_low  t_high  n  mean_alpha  median_alpha  std_alpha  mean_dw  mean_ds  mean_r2  abs_mean_alpha_minus_1  abs_median_alpha_minus_1  n_fixed_window  mean_alpha_fixed_window  median_alpha_fixed_window  mean_dw_fixed_window  mean_ds_fixed_window  abs_fixed_window_alpha_minus_1  alpha_corr_logM
     1      21 61    1.014292      1.013701   0.006272 4.212760 1.688325 0.792482                0.014292                  0.013701              11                 1.013945                   1.013701              4.212322               1.68834                        0.013945         0.480504
     2      14 61    0.964788      0.963957   0.003843 4.151413 1.688325 0.845014                0.035212                  0.036043              11                 0.964595                   0.963957              4.151164               1.68834                        0.035405         0.476568
     1      20 61    0.901039      0.900484   0.005945 4.071748 1.688325 0.804942                0.098961                  0.099516              11                 0.900710                   0.900484              4.071325               1.68834                        0.099290         0.480504
     3      11 61    1.100867      1.099633   0.005083 4.319063 1.688325 0.877228                0.100867                  0.099633              11                 1.100617                   1.099633              4.318750               1.68834                        0.100617         0.474725
     1      22 61    1.128680      1.128053   0.006594 4.352964 1.688325 0.780490                0.128680                  0.128053              11                 1.128315                   1.128053              4.352512               1.68834                        0.128315         0.480503
     4       8 61    0.850605      0.849113   0.008224 4.008154 1.688325 0.949659                0.149395                  0.150887              11                 0.850178                   0.849113              4.007604               1.68834                        0.149822         0.478877
     2      15 61    1.168714      1.167784   0.004317 4.401565 1.688325 0.825667                0.168714                  0.167784              11                 1.168497                   1.167784              4.401294               1.68834                        0.168497         0.476606
     1      19 61    0.789165      0.788647   0.005612 3.929952 1.688325 0.817883                0.210835                  0.211353              11                 0.788853                   0.788647              3.929544               1.68834                        0.211147         0.480504
     3      10 61    0.787625      0.786622   0.004011 3.927983 1.688325 0.903762                0.212375                  0.213378              11                 0.787429                   0.786622              3.927723               1.68834                        0.212571         0.474145
     2      13 61    0.767550      0.766820   0.003361 3.902237 1.688325 0.865161                0.232450                  0.233180              11                 0.767381                   0.766820              3.902010               1.68834                        0.232619         0.476508
     1      23 61    1.243998      1.243335   0.006910 4.492351 1.688325 0.768945                0.243998                  0.243335              11                 1.243616                   1.243335              4.491884               1.68834                        0.243616         0.480502
     1      18 61    0.678962      0.678483   0.005273 3.787414 1.688325 0.831316                0.321038                  0.321517              11                 0.678670                   0.678483              3.787021               1.68834                        0.321330         0.480503
     4       9 61    1.324495      1.322511   0.010901 4.588612 1.688325 0.921227                0.324495                  0.322511              11                 1.323929                   1.322511              4.587931               1.68834                        0.323929         0.478778
     1      24 61    1.360075      1.359376   0.007222 4.630918 1.688325 0.757830                0.360075                  0.359376              11                 1.359675                   1.359376              4.630437               1.68834                        0.359675         0.480501
     2      16 61    1.377881      1.376853   0.004784 4.652037 1.688325 0.807190                0.377881                  0.376853              11                 1.377641                   1.376853              4.651744               1.68834                        0.377641         0.476632

BEST FIXED-MASS WINDOWS
 t_low  t_high  n  mean_alpha  median_alpha  std_alpha  mean_dw  mean_ds  mean_r2  abs_mean_alpha_minus_1  abs_median_alpha_minus_1  n_fixed_window  mean_alpha_fixed_window  median_alpha_fixed_window  mean_dw_fixed_window  mean_ds_fixed_window  abs_fixed_window_alpha_minus_1  alpha_corr_logM
     1      21 61    1.014292      1.013701   0.006272 4.212760 1.688325 0.792482                0.014292                  0.013701              11                 1.013945                   1.013701              4.212322               1.68834                        0.013945         0.480504
     2      14 61    0.964788      0.963957   0.003843 4.151413 1.688325 0.845014                0.035212                  0.036043              11                 0.964595                   0.963957              4.151164               1.68834                        0.035405         0.476568
     1      20 61    0.901039      0.900484   0.005945 4.071748 1.688325 0.804942                0.098961                  0.099516              11                 0.900710                   0.900484              4.071325               1.68834                        0.099290         0.480504
     3      11 61    1.100867      1.099633   0.005083 4.319063 1.688325 0.877228                0.100867                  0.099633              11                 1.100617                   1.099633              4.318750               1.68834                        0.100617         0.474725
     1      22 61    1.128680      1.128053   0.006594 4.352964 1.688325 0.780490                0.128680                  0.128053              11                 1.128315                   1.128053              4.352512               1.68834                        0.128315         0.480503
     4       8 61    0.850605      0.849113   0.008224 4.008154 1.688325 0.949659                0.149395                  0.150887              11                 0.850178                   0.849113              4.007604               1.68834                        0.149822         0.478877
     2      15 61    1.168714      1.167784   0.004317 4.401565 1.688325 0.825667                0.168714                  0.167784              11                 1.168497                   1.167784              4.401294               1.68834                        0.168497         0.476606
     1      19 61    0.789165      0.788647   0.005612 3.929952 1.688325 0.817883                0.210835                  0.211353              11                 0.788853                   0.788647              3.929544               1.68834                        0.211147         0.480504
     3      10 61    0.787625      0.786622   0.004011 3.927983 1.688325 0.903762                0.212375                  0.213378              11                 0.787429                   0.786622              3.927723               1.68834                        0.212571         0.474145
     2      13 61    0.767550      0.766820   0.003361 3.902237 1.688325 0.865161                0.232450                  0.233180              11                 0.767381                   0.766820              3.902010               1.68834                        0.232619         0.476508
     1      23 61    1.243998      1.243335   0.006910 4.492351 1.688325 0.768945                0.243998                  0.243335              11                 1.243616                   1.243335              4.491884               1.68834                        0.243616         0.480502
     1      18 61    0.678962      0.678483   0.005273 3.787414 1.688325 0.831316                0.321038                  0.321517              11                 0.678670                   0.678483              3.787021               1.68834                        0.321330         0.480503
     4       9 61    1.324495      1.322511   0.010901 4.588612 1.688325 0.921227                0.324495                  0.322511              11                 1.323929                   1.322511              4.587931               1.68834                        0.323929         0.478778
     1      24 61    1.360075      1.359376   0.007222 4.630918 1.688325 0.757830                0.360075                  0.359376              11                 1.359675                   1.359376              4.630437               1.68834                        0.359675         0.480501
     2      16 61    1.377881      1.376853   0.004784 4.652037 1.688325 0.807190                0.377881                  0.376853              11                 1.377641                   1.376853              4.651744               1.68834                        0.377641         0.476632

Wrote:
papers/paper13_matiere_intrication_critique/experiments/slacs_Hbup_direct/results/dw_window_alpha_scan_v1/measured_n_only_scan_window_results.csv
papers/paper13_matiere_intrication_critique/experiments/slacs_Hbup_direct/results/dw_window_alpha_scan_v1/measured_n_only_best_global_alpha1_windows.csv
papers/paper13_matiere_intrication_critique/experiments/slacs_Hbup_direct/results/dw_window_alpha_scan_v1/measured_n_only_best_fixedmass_alpha1_windows.csv
