Computing ds_mean, dw_mean, alpha_eff_mean...
[1/61] J0008-0004
[2/61] J0029-0055
[3/61] J0037-0942
[4/61] J0044+0113
[5/61] J0157-0056
[6/61] J0216-0813
[7/61] J0252+0039
[8/61] J0330-0020
[9/61] J0728+3835
[10/61] J0737+3216
[11/61] J0822+2652
[12/61] J0841+3824
[13/61] J0912+0029
[14/61] J0935-0003
[15/61] J0936+0913
[16/61] J0946+1006
[17/61] J0955+0101
[18/61] J0956+5100
[19/61] J0959+4416
[20/61] J0959+0410
[21/61] J1016+3859
[22/61] J1020+1122
[23/61] J1023+4230
[24/61] J1029+0420
[25/61] J1100+5329
[26/61] J1103+5322
[27/61] J1106+5228
[28/61] J1112+0826
[29/61] J1134+6027
[30/61] J1142+1001
[31/61] J1143-0144
[32/61] J1153+4612
[33/61] J1204+0358
[34/61] J1205+4910
[35/61] J1213+6708
[36/61] J1218+0830
[37/61] J1250+0523
[38/61] J1251-0208
[39/61] J1330-0148
[40/61] J1402+6321
[41/61] J1403+0006
[42/61] J1416+5136
[43/61] J1420+6019
[44/61] J1430+4105
[45/61] J1432+6317
[46/61] J1436-0000
[47/61] J1443+0304
[48/61] J1451-0239
[49/61] J1525+3327
[50/61] J1531-0105
[51/61] J1538+5817
[52/61] J1621+3931
[53/61] J1627-0053
[54/61] J1630+4520
[55/61] J1636+4707
[56/61] J2238-0754
[57/61] J2300+0022
[58/61] J2303+1422
[59/61] J2321-0939
[60/61] J2341+0000
[61/61] J2347-0005

====================================================================================================
DIMENSIONAL SECTOR SUMMARY
====================================================================================================
{
  "title": "BuP SLACS dimensional sector added v1",
  "input_csv": "papers/paper13_matiere_intrication_critique/experiments/slacs_Hbup_direct/data/slacs_v5_measured_n_only.csv",
  "output_csv": "papers/paper13_matiere_intrication_critique/experiments/slacs_Hbup_direct/data/measured_n_only_with_dimensional_sector.csv",
  "n": 61,
  "settings": {
    "input_csv": "papers/paper13_matiere_intrication_critique/experiments/slacs_Hbup_direct/data/slacs_v5_measured_n_only.csv",
    "output_csv": "papers/paper13_matiere_intrication_critique/experiments/slacs_Hbup_direct/data/measured_n_only_with_dimensional_sector.csv",
    "output_summary": "papers/paper13_matiere_intrication_critique/experiments/slacs_Hbup_direct/results/dimensional_sector_measured_n_only_v1/summary.json",
    "n_rings": 12,
    "n_theta": 16,
    "rmin_factor": 0.03,
    "rmax_factor": 5.0,
    "xi_factor": 0.35,
    "default_sersic_n": 4.0,
    "amp_mode": "shape",
    "t_min": 0.05,
    "t_max": 20.0,
    "n_t": 80,
    "p_low": 0.05,
    "p_high": 0.85,
    "rw_t_min": 1,
    "rw_t_max": 25
  },
  "formula": "alpha_eff_mean = 2*ds_mean/dw_mean + dw_mean - 4",
  "summary": {
    "ds_mean": {
      "n": 61,
      "mean": 1.6883252140279879,
      "median": 1.688306011365568,
      "std": 0.0002528329442455126,
      "min": 1.687863520004441,
      "max": 1.6888886415274484
    },
    "dw_mean": {
      "n": 61,
      "mean": 4.768672611605316,
      "median": 4.767823518569889,
      "std": 0.009038026803575138,
      "min": 4.752889704212428,
      "max": 4.791156672794799
    },
    "alpha_eff_mean": {
      "n": 61,
      "mean": 1.4767655247842313,
      "median": 1.4760317837415737,
      "std": 0.007592200211601628,
      "min": 1.463568363568064,
      "max": 1.4957312193081655
    },
    "ds_fit_r2": {
      "n": 61,
      "mean": 0.8884584244546716,
      "median": 0.8884603344580723,
      "std": 2.4171654268873365e-05,
      "min": 0.8884043685701151,
      "max": 0.8885022525330306
    },
    "dw_fit_r2": {
      "n": 61,
      "mean": 0.7471233007519074,
      "median": 0.7471488478737109,
      "std": 7.645458289393854e-05,
      "min": 0.7468398482230054,
      "max": 0.7471949376841239
    },
    "alpha_vs_logMs": {
      "pearson": 0.4804996213835098,
      "n": 61
    }
  }
}

Wrote:
papers/paper13_matiere_intrication_critique/experiments/slacs_Hbup_direct/data/measured_n_only_with_dimensional_sector.csv
papers/paper13_matiere_intrication_critique/experiments/slacs_Hbup_direct/results/dimensional_sector_measured_n_only_v1/summary.json
