Running d_w estimator test for measured_n_only
Input: papers/paper13_matiere_intrication_critique/experiments/slacs_Hbup_direct/data/slacs_v5_measured_n_only.csv
[1/61] J0008-0004
[2/61] J0029-0055
[3/61] J0037-0942
[4/61] J0044+0113
[5/61] J0157-0056
[6/61] J0216-0813
[7/61] J0252+0039
[8/61] J0330-0020
[9/61] J0728+3835
[10/61] J0737+3216
[11/61] J0822+2652
[12/61] J0841+3824
[13/61] J0912+0029
[14/61] J0935-0003
[15/61] J0936+0913
[16/61] J0946+1006
[17/61] J0955+0101
[18/61] J0956+5100
[19/61] J0959+4416
[20/61] J0959+0410
[21/61] J1016+3859
[22/61] J1020+1122
[23/61] J1023+4230
[24/61] J1029+0420
[25/61] J1100+5329
[26/61] J1103+5322
[27/61] J1106+5228
[28/61] J1112+0826
[29/61] J1134+6027
[30/61] J1142+1001
[31/61] J1143-0144
[32/61] J1153+4612
[33/61] J1204+0358
[34/61] J1205+4910
[35/61] J1213+6708
[36/61] J1218+0830
[37/61] J1250+0523
[38/61] J1251-0208
[39/61] J1330-0148
[40/61] J1402+6321
[41/61] J1403+0006
[42/61] J1416+5136
[43/61] J1420+6019
[44/61] J1430+4105
[45/61] J1432+6317
[46/61] J1436-0000
[47/61] J1443+0304
[48/61] J1451-0239
[49/61] J1525+3327
[50/61] J1531-0105
[51/61] J1538+5817
[52/61] J1621+3931
[53/61] J1627-0053
[54/61] J1630+4520
[55/61] J1636+4707
[56/61] J2238-0754
[57/61] J2300+0022
[58/61] J2303+1422
[59/61] J2321-0939
[60/61] J2341+0000
[61/61] J2347-0005

SUMMARY
            tag                        quantity  n      mean    median      std       min       max
measured_n_only                         ds_mean 61  1.688325  1.688306 0.000253  1.687864  1.688889
measured_n_only               dw_discrete_fixed 61  4.768673  4.767824 0.009038  4.752890  4.791157
measured_n_only            dw_discrete_adaptive 61  2.164976  2.164913 0.003977  2.157108  2.173708
measured_n_only           dw_heat_norm_adaptive 61  2.140466  2.140774 0.005972  2.126580  2.151644
measured_n_only            dw_heat_raw_adaptive 61  2.664978  2.662261 0.013545  2.643874  2.706050
measured_n_only     alpha_eff_dw_discrete_fixed 61  1.476766  1.476032 0.007592  1.463568  1.495731
measured_n_only  alpha_eff_dw_discrete_adaptive 61 -0.275347 -0.275388 0.000880 -0.277010 -0.273311
measured_n_only alpha_eff_dw_heat_norm_adaptive 61 -0.281992 -0.281941 0.001805 -0.286023 -0.278497
measured_n_only  alpha_eff_dw_heat_raw_adaptive 61 -0.067943 -0.069123 0.006973 -0.078713 -0.046476

ALPHA=1 CROSSINGS
                      alpha_col model_type  root_logM                 method  value_at_root  n             tag
    alpha_eff_dw_discrete_fixed     linear  10.670000 closest_no_sign_change       1.463138 61 measured_n_only
    alpha_eff_dw_discrete_fixed  quadratic  10.966777 closest_no_sign_change       1.470003 61 measured_n_only
    alpha_eff_dw_discrete_fixed      cubic  10.670000 closest_no_sign_change       1.466041 61 measured_n_only
    alpha_eff_dw_discrete_fixed      huber  10.670000 closest_no_sign_change       1.462303 61 measured_n_only
 alpha_eff_dw_discrete_adaptive     linear  12.030000 closest_no_sign_change      -0.274620 61 measured_n_only
 alpha_eff_dw_discrete_adaptive  quadratic  12.030000 closest_no_sign_change      -0.274260 61 measured_n_only
 alpha_eff_dw_discrete_adaptive      cubic  12.030000 closest_no_sign_change      -0.273893 61 measured_n_only
 alpha_eff_dw_discrete_adaptive      huber  12.030000 closest_no_sign_change      -0.274523 61 measured_n_only
alpha_eff_dw_heat_norm_adaptive     linear  10.670000 closest_no_sign_change      -0.278765 61 measured_n_only
alpha_eff_dw_heat_norm_adaptive  quadratic  10.885095 closest_no_sign_change      -0.280288 61 measured_n_only
alpha_eff_dw_heat_norm_adaptive      cubic  10.670000 closest_no_sign_change      -0.279248 61 measured_n_only
alpha_eff_dw_heat_norm_adaptive      huber  10.670000 closest_no_sign_change      -0.278499 61 measured_n_only
 alpha_eff_dw_heat_raw_adaptive     linear  12.030000 closest_no_sign_change      -0.063506 61 measured_n_only
 alpha_eff_dw_heat_raw_adaptive  quadratic  12.030000 closest_no_sign_change      -0.060365 61 measured_n_only
 alpha_eff_dw_heat_raw_adaptive      cubic  12.030000 closest_no_sign_change      -0.057858 61 measured_n_only
 alpha_eff_dw_heat_raw_adaptive      huber  12.030000 closest_no_sign_change      -0.064569 61 measured_n_only

Wrote:
papers/paper13_matiere_intrication_critique/experiments/slacs_Hbup_direct/results/dw_estimators_v1/measured_n_only_dw_estimators.csv
papers/paper13_matiere_intrication_critique/experiments/slacs_Hbup_direct/results/dw_estimators_v1/measured_n_only_dw_estimators_summary.csv
papers/paper13_matiere_intrication_critique/experiments/slacs_Hbup_direct/results/dw_estimators_v1/measured_n_only_alpha_one_crossings.csv
